Success: True, Error: OK, Most Critical Message:

New data 00000001-0002-0003-0405-060708090001 for 00000002-0002-0002-0202-020202020202 products count 0, Existing data null