Success: False, Error: Product validation errors, Most Critical Message:
Achtung!